// Jest Snapshot v1, https://goo.gl/fbAQLP

exports[`Copy Button should match the snapshot 1`] = `<!--  -->`;
