// Jest Snapshot v1, https://goo.gl/fbAQLP

exports[`Export Button should match the snapshot 1`] = `
<button
  class="ui button"
>
  Export
</button>
`;
