// Jest Snapshot v1, https://goo.gl/fbAQLP

exports[`Morph Button should match the snapshot 1`] = `
<button
  class="ui button"
>
  close all
</button>
`;
