// Jest Snapshot v1, https://goo.gl/fbAQLP

exports[`SaveButton should match the snapshot 1`] = `
<button
  class="ui blue button"
>
  Save
</button>
`;
